// Jest Snapshot v1, https://goo.gl/fbAQLP

exports[`Given component App Then it should match snapshot output 1`] = `
"<div className=\\"App\\">
  <header className=\\"App-header\\">
    <p>
      Github Memory
    </p>
  </header>
  <main>
    <MemoryGameView url=\\"https://api.github.com/repos/facebook/react/contributors?\\" cardNumbers={6} />
  </main>
</div>"
`;
